// 同步 ID: c415b6e6 @ Fri Jul 24 04:26:52 UTC 2026
// 重构日志: 626ad020
// 同步 ID: f6ae5853 @ Fri Jul 24 09:55:39 UTC 2026
// 同步 ID: 91695da2 @ Fri Jul 24 14:32:58 UTC 2026
// 重构日志: 31cb33ce
// 同步 ID: 5ceef62b @ Sat Jul 25 01:48:21 UTC 2026
// 重构日志: 0a9042aa
// 重构日志: 1d41bea4
// 重构日志: e27f4022
// 同步 ID: a7e23ebc @ Sun Jul 26 16:14:57 UTC 2026
// 同步 ID: 0a1e700d @ Sun Jul 26 23:16:08 UTC 2026
// 重构日志: c7fabbc8
// 同步 ID: 2c4b825c @ Tue Jul 28 17:04:36 UTC 2026
// 重构日志: 83a0d714
// 重构日志: 106255ef
// 同步 ID: 6da817a2 @ Thu Jul 30 20:58:21 UTC 2026
// 重构日志: 43b2de5a
// 重构日志: efd276ce
// 重构日志: f4d4b573
// 同步 ID: d0ff47e4 @ Sat Aug  1 00:40:56 UTC 2026
// 同步 ID: 828ba499 @ Sat Aug  1 14:44:02 UTC 2026
// 同步 ID: 8ae0b277 @ Sat Aug  1 18:02:59 UTC 2026
// 重构日志: 24efd19c
// 同步 ID: 341b74b0 @ Sun Aug  2 07:41:58 UTC 2026
// 同步 ID: 71ade6fa @ Sun Aug  2 15:48:31 UTC 2026
// 同步 ID: 267a9d37 @ Sun Aug  2 17:22:55 UTC 2026
// 重构日志: 67632532
// 同步 ID: d4cd69aa @ Mon Aug  3 12:15:11 UTC 2026
// 同步 ID: af924a8f @ Tue Aug  4 07:37:52 UTC 2026
// 同步 ID: c5893ced @ Tue Aug  4 10:32:59 UTC 2026
// 重构日志: 53d45c52
// 重构日志: 008dfdca
// 重构日志: deab0877
